2026-08-18 21:09:55,576 ERROR accounts.views: Verification email failed to send (user id=3, username=Kian Aragon, email=nusoliance514@gmail.com). This account may need to be activated manually via /admin/.
Traceback (most recent call last):
  File "C:\Programming\Repositories\repo-cleanup\accounts\views.py", line 53, in _send_verification_email
    send_mail(subject, message, None, [user.email])
    ~~~~~~~~~^^^^^^^^^^^^^^^^^^^^^^^^^^^^^^^^^^^^^^
  File "C:\Programming\Repositories\repo-cleanup\venv\Lib\site-packages\django\utils\deprecation.py", line 268, in wrapper
    return func(*args, **kwargs)
  File "C:\Programming\Repositories\repo-cleanup\venv\Lib\site-packages\django\core\mail\__init__.py", line 108, in send_mail
    return mail.send()
           ~~~~~~~~~^^
  File "C:\Programming\Repositories\repo-cleanup\venv\Lib\site-packages\django\core\mail\message.py", line 358, in send
    return self.get_connection(fail_silently).send_messages([self])
           ~~~~~~~~~~~~~~~~~~~~~~~~~~~~~~~~~~~~~~~~~~~~~~~~^^^^^^^^
  File "C:\Programming\Repositories\repo-cleanup\venv\Lib\site-packages\django\core\mail\backends\smtp.py", line 148, in send_messages
    new_conn_created = self.open()
  File "C:\Programming\Repositories\repo-cleanup\venv\Lib\site-packages\django\core\mail\backends\smtp.py", line 103, in open
    self._partial_connection.login(self.username, self.password)
    ~~~~~~~~~~~~~~~~~~~~~~~~~~~~~~^^^^^^^^^^^^^^^^^^^^^^^^^^^^^^
  File "C:\Users\USER\AppData\Local\Python\pythoncore-3.14-64\Lib\smtplib.py", line 762, in login
    raise last_exception
  File "C:\Users\USER\AppData\Local\Python\pythoncore-3.14-64\Lib\smtplib.py", line 751, in login
    (code, resp) = self.auth(
                   ~~~~~~~~~^
        authmethod, getattr(self, method_name),
        ^^^^^^^^^^^^^^^^^^^^^^^^^^^^^^^^^^^^^^^
        initial_response_ok=initial_response_ok)
        ^^^^^^^^^^^^^^^^^^^^^^^^^^^^^^^^^^^^^^^^
  File "C:\Users\USER\AppData\Local\Python\pythoncore-3.14-64\Lib\smtplib.py", line 669, in auth
    raise SMTPAuthenticationError(code, resp)
smtplib.SMTPAuthenticationError: (535, b'5.7.8 Username and Password not accepted. For more information, go to\n5.7.8  https://support.google.com/mail/?p=BadCredentials d9443c01a7336-2d5c1ee476bsm14088995ad.75 - gsmtp')
2026-08-18 21:13:40,252 ERROR accounts.views: Verification email failed to send (user id=4, username=Kian Aragon, email=nusoliance514@gmail.com). This account may need to be activated manually via /admin/.
Traceback (most recent call last):
  File "C:\Programming\Repositories\repo-cleanup\accounts\views.py", line 53, in _send_verification_email
    send_mail(subject, message, None, [user.email])
    ~~~~~~~~~^^^^^^^^^^^^^^^^^^^^^^^^^^^^^^^^^^^^^^
  File "C:\Programming\Repositories\repo-cleanup\venv\Lib\site-packages\django\utils\deprecation.py", line 268, in wrapper
    return func(*args, **kwargs)
  File "C:\Programming\Repositories\repo-cleanup\venv\Lib\site-packages\django\core\mail\__init__.py", line 108, in send_mail
    return mail.send()
           ~~~~~~~~~^^
  File "C:\Programming\Repositories\repo-cleanup\venv\Lib\site-packages\django\core\mail\message.py", line 358, in send
    return self.get_connection(fail_silently).send_messages([self])
           ~~~~~~~~~~~~~~~~~~~~~~~~~~~~~~~~~~~~~~~~~~~~~~~~^^^^^^^^
  File "C:\Programming\Repositories\repo-cleanup\venv\Lib\site-packages\django\core\mail\backends\smtp.py", line 148, in send_messages
    new_conn_created = self.open()
  File "C:\Programming\Repositories\repo-cleanup\venv\Lib\site-packages\django\core\mail\backends\smtp.py", line 103, in open
    self._partial_connection.login(self.username, self.password)
    ~~~~~~~~~~~~~~~~~~~~~~~~~~~~~~^^^^^^^^^^^^^^^^^^^^^^^^^^^^^^
  File "C:\Users\USER\AppData\Local\Python\pythoncore-3.14-64\Lib\smtplib.py", line 762, in login
    raise last_exception
  File "C:\Users\USER\AppData\Local\Python\pythoncore-3.14-64\Lib\smtplib.py", line 751, in login
    (code, resp) = self.auth(
                   ~~~~~~~~~^
        authmethod, getattr(self, method_name),
        ^^^^^^^^^^^^^^^^^^^^^^^^^^^^^^^^^^^^^^^
        initial_response_ok=initial_response_ok)
        ^^^^^^^^^^^^^^^^^^^^^^^^^^^^^^^^^^^^^^^^
  File "C:\Users\USER\AppData\Local\Python\pythoncore-3.14-64\Lib\smtplib.py", line 669, in auth
    raise SMTPAuthenticationError(code, resp)
smtplib.SMTPAuthenticationError: (535, b'5.7.8 Username and Password not accepted. For more information, go to\n5.7.8  https://support.google.com/mail/?p=BadCredentials 5614622812f47-4b2960dfc9bsm2978522b6e.14 - gsmtp')
2026-08-18 21:28:52,492 ERROR accounts.views: Verification email failed to send (user id=5, username=Kian Aragon, email=nusoliance514@gmail.com). This account may need to be activated manually via /admin/.
Traceback (most recent call last):
  File "C:\Programming\Repositories\repo-cleanup\accounts\views.py", line 53, in _send_verification_email
    send_mail(subject, message, None, [user.email])
    ~~~~~~~~~^^^^^^^^^^^^^^^^^^^^^^^^^^^^^^^^^^^^^^
  File "C:\Programming\Repositories\repo-cleanup\venv\Lib\site-packages\django\utils\deprecation.py", line 268, in wrapper
    return func(*args, **kwargs)
  File "C:\Programming\Repositories\repo-cleanup\venv\Lib\site-packages\django\core\mail\__init__.py", line 108, in send_mail
    return mail.send()
           ~~~~~~~~~^^
  File "C:\Programming\Repositories\repo-cleanup\venv\Lib\site-packages\django\core\mail\message.py", line 358, in send
    return self.get_connection(fail_silently).send_messages([self])
           ~~~~~~~~~~~~~~~~~~~~~~~~~~~~~~~~~~~~~~~~~~~~~~~~^^^^^^^^
  File "C:\Programming\Repositories\repo-cleanup\venv\Lib\site-packages\django\core\mail\backends\smtp.py", line 148, in send_messages
    new_conn_created = self.open()
  File "C:\Programming\Repositories\repo-cleanup\venv\Lib\site-packages\django\core\mail\backends\smtp.py", line 103, in open
    self._partial_connection.login(self.username, self.password)
    ~~~~~~~~~~~~~~~~~~~~~~~~~~~~~~^^^^^^^^^^^^^^^^^^^^^^^^^^^^^^
  File "C:\Users\USER\AppData\Local\Python\pythoncore-3.14-64\Lib\smtplib.py", line 762, in login
    raise last_exception
  File "C:\Users\USER\AppData\Local\Python\pythoncore-3.14-64\Lib\smtplib.py", line 751, in login
    (code, resp) = self.auth(
                   ~~~~~~~~~^
        authmethod, getattr(self, method_name),
        ^^^^^^^^^^^^^^^^^^^^^^^^^^^^^^^^^^^^^^^
        initial_response_ok=initial_response_ok)
        ^^^^^^^^^^^^^^^^^^^^^^^^^^^^^^^^^^^^^^^^
  File "C:\Users\USER\AppData\Local\Python\pythoncore-3.14-64\Lib\smtplib.py", line 669, in auth
    raise SMTPAuthenticationError(code, resp)
smtplib.SMTPAuthenticationError: (535, b'5.7.8 Username and Password not accepted. For more information, go to\n5.7.8  https://support.google.com/mail/?p=BadCredentials d9443c01a7336-2d5c1ef9b3esm14459625ad.79 - gsmtp')
